

================================================================
== Vivado HLS Report for 'process_magnitude_co'
================================================================
* Date:           Tue Dec 22 21:02:16 2020

* Version:        2019.2 (Build 2704478 on Wed Nov 06 22:10:23 MST 2019)
* Project:        sqrt_CORDIC
* Solution:       solution1
* Product family: zynq
* Target device:  xc7z020-clg400-1


================================================================
== Performance Estimates
================================================================
+ Timing: 
    * Summary: 
    +--------+---------+----------+------------+
    |  Clock |  Target | Estimated| Uncertainty|
    +--------+---------+----------+------------+
    |ap_clk  | 5.00 ns | 3.702 ns |   0.63 ns  |
    +--------+---------+----------+------------+

+ Latency: 
    * Summary: 
    +---------+---------+-----------+-----------+-----+-----+----------+
    |  Latency (cycles) |   Latency (absolute)  |  Interval | Pipeline |
    |   min   |   max   |    min    |    max    | min | max |   Type   |
    +---------+---------+-----------+-----------+-----+-----+----------+
    |       17|       17| 85.000 ns | 85.000 ns |    1|    1| function |
    +---------+---------+-----------+-----------+-----+-----+----------+

    + Detail: 
        * Instance: 
        N/A

        * Loop: 
        N/A



================================================================
== Utilization Estimates
================================================================
* Summary: 
+-----------------+---------+-------+--------+-------+-----+
|       Name      | BRAM_18K| DSP48E|   FF   |  LUT  | URAM|
+-----------------+---------+-------+--------+-------+-----+
|DSP              |        -|      -|       -|      -|    -|
|Expression       |        -|      -|       0|   1847|    -|
|FIFO             |        -|      -|       -|      -|    -|
|Instance         |        -|      2|     127|      2|    -|
|Memory           |        -|      -|       -|      -|    -|
|Multiplexer      |        -|      -|       -|      -|    -|
|Register         |        -|      -|     879|      -|    -|
+-----------------+---------+-------+--------+-------+-----+
|Total            |        0|      2|    1006|   1849|    0|
+-----------------+---------+-------+--------+-------+-----+
|Available        |      280|    220|  106400|  53200|    0|
+-----------------+---------+-------+--------+-------+-----+
|Utilization (%)  |        0|   ~0  |   ~0   |      3|    0|
+-----------------+---------+-------+--------+-------+-----+

+ Detail: 
    * Instance: 
    +-------------------------+----------------------+---------+-------+-----+----+-----+
    |         Instance        |        Module        | BRAM_18K| DSP48E|  FF | LUT| URAM|
    +-------------------------+----------------------+---------+-------+-----+----+-----+
    |top_process_magnibkb_U1  |top_process_magnibkb  |        0|      2|  127|   2|    0|
    +-------------------------+----------------------+---------+-------+-----+----+-----+
    |Total                    |                      |        0|      2|  127|   2|    0|
    +-------------------------+----------------------+---------+-------+-----+----+-----+

    * DSP48E: 
    N/A

    * Memory: 
    N/A

    * FIFO: 
    N/A

    * Expression: 
    +----------------------------+----------+-------+---+----+------------+------------+
    |        Variable Name       | Operation| DSP48E| FF| LUT| Bitwidth P0| Bitwidth P1|
    +----------------------------+----------+-------+---+----+------------+------------+
    |add_ln203_10_fu_494_p2      |     +    |      0|  0|  31|          24|          24|
    |add_ln203_11_fu_560_p2      |     +    |      0|  0|  31|          24|          24|
    |add_ln203_12_fu_565_p2      |     +    |      0|  0|  31|          24|          24|
    |add_ln203_13_fu_631_p2      |     +    |      0|  0|  31|          24|          24|
    |add_ln203_14_fu_636_p2      |     +    |      0|  0|  31|          24|          24|
    |add_ln203_15_fu_702_p2      |     +    |      0|  0|  31|          24|          24|
    |add_ln203_16_fu_707_p2      |     +    |      0|  0|  31|          24|          24|
    |add_ln203_17_fu_773_p2      |     +    |      0|  0|  31|          24|          24|
    |add_ln203_18_fu_778_p2      |     +    |      0|  0|  31|          24|          24|
    |add_ln203_19_fu_831_p2      |     +    |      0|  0|  31|          24|          24|
    |add_ln203_1_fu_200_p2       |     +    |      0|  0|  31|          24|          24|
    |add_ln203_2_fu_206_p2       |     +    |      0|  0|  31|          24|          24|
    |add_ln203_3_fu_276_p2       |     +    |      0|  0|  31|          24|          24|
    |add_ln203_4_fu_281_p2       |     +    |      0|  0|  31|          24|          24|
    |add_ln203_5_fu_347_p2       |     +    |      0|  0|  31|          24|          24|
    |add_ln203_6_fu_352_p2       |     +    |      0|  0|  31|          24|          24|
    |add_ln203_7_fu_418_p2       |     +    |      0|  0|  31|          24|          24|
    |add_ln203_8_fu_423_p2       |     +    |      0|  0|  31|          24|          24|
    |add_ln203_9_fu_489_p2       |     +    |      0|  0|  31|          24|          24|
    |add_ln203_fu_132_p2         |     +    |      0|  0|  31|          24|          24|
    |ret_V_1_fu_885_p2           |     +    |      0|  0|  25|           1|          18|
    |sub_ln203_10_fu_481_p2      |     -    |      0|  0|  31|          24|          24|
    |sub_ln203_11_fu_499_p2      |     -    |      0|  0|  31|          24|          24|
    |sub_ln203_12_fu_552_p2      |     -    |      0|  0|  31|          24|          24|
    |sub_ln203_13_fu_570_p2      |     -    |      0|  0|  31|          24|          24|
    |sub_ln203_14_fu_623_p2      |     -    |      0|  0|  31|          24|          24|
    |sub_ln203_15_fu_641_p2      |     -    |      0|  0|  31|          24|          24|
    |sub_ln203_16_fu_694_p2      |     -    |      0|  0|  31|          24|          24|
    |sub_ln203_17_fu_712_p2      |     -    |      0|  0|  31|          24|          24|
    |sub_ln203_18_fu_765_p2      |     -    |      0|  0|  31|          24|          24|
    |sub_ln203_19_fu_783_p2      |     -    |      0|  0|  31|          24|          24|
    |sub_ln203_1_fu_138_p2       |     -    |      0|  0|  31|          24|          24|
    |sub_ln203_20_fu_826_p2      |     -    |      0|  0|  31|          24|          24|
    |sub_ln203_2_fu_180_p2       |     -    |      0|  0|  31|          24|          24|
    |sub_ln203_3_fu_212_p2       |     -    |      0|  0|  31|          24|          24|
    |sub_ln203_4_fu_268_p2       |     -    |      0|  0|  31|          24|          24|
    |sub_ln203_5_fu_286_p2       |     -    |      0|  0|  31|          24|          24|
    |sub_ln203_6_fu_339_p2       |     -    |      0|  0|  31|          24|          24|
    |sub_ln203_7_fu_357_p2       |     -    |      0|  0|  31|          24|          24|
    |sub_ln203_8_fu_410_p2       |     -    |      0|  0|  31|          24|          24|
    |sub_ln203_9_fu_428_p2       |     -    |      0|  0|  31|          24|          24|
    |sub_ln203_fu_126_p2         |     -    |      0|  0|  31|          24|          24|
    |icmp_ln851_fu_872_p2        |   icmp   |      0|  0|  11|           6|           1|
    |ap_return                   |  select  |      0|  0|  18|           1|          18|
    |select_ln1495_10_fu_504_p3  |  select  |      0|  0|  24|           1|          24|
    |select_ln1495_11_fu_511_p3  |  select  |      0|  0|  24|           1|          24|
    |select_ln1495_12_fu_575_p3  |  select  |      0|  0|  24|           1|          24|
    |select_ln1495_13_fu_582_p3  |  select  |      0|  0|  24|           1|          24|
    |select_ln1495_14_fu_646_p3  |  select  |      0|  0|  24|           1|          24|
    |select_ln1495_15_fu_653_p3  |  select  |      0|  0|  24|           1|          24|
    |select_ln1495_16_fu_717_p3  |  select  |      0|  0|  24|           1|          24|
    |select_ln1495_17_fu_724_p3  |  select  |      0|  0|  24|           1|          24|
    |select_ln1495_18_fu_788_p3  |  select  |      0|  0|  24|           1|          24|
    |select_ln1495_19_fu_795_p3  |  select  |      0|  0|  24|           1|          24|
    |select_ln1495_1_fu_149_p3   |  select  |      0|  0|  24|           1|          24|
    |select_ln1495_20_fu_836_p3  |  select  |      0|  0|  24|           1|          24|
    |select_ln1495_2_fu_218_p3   |  select  |      0|  0|  24|           1|          24|
    |select_ln1495_3_fu_226_p3   |  select  |      0|  0|  24|           1|          24|
    |select_ln1495_4_fu_291_p3   |  select  |      0|  0|  24|           1|          24|
    |select_ln1495_5_fu_298_p3   |  select  |      0|  0|  24|           1|          24|
    |select_ln1495_6_fu_362_p3   |  select  |      0|  0|  24|           1|          24|
    |select_ln1495_7_fu_369_p3   |  select  |      0|  0|  24|           1|          24|
    |select_ln1495_8_fu_433_p3   |  select  |      0|  0|  24|           1|          24|
    |select_ln1495_9_fu_440_p3   |  select  |      0|  0|  24|           1|          24|
    |select_ln1495_fu_144_p3     |  select  |      0|  0|  24|           1|          24|
    |select_ln851_fu_890_p3      |  select  |      0|  0|  18|           1|          18|
    +----------------------------+----------+-------+---+----+------------+------------+
    |Total                       |          |      0|  0|1847|        1014|        1543|
    +----------------------------+----------+-------+---+----+------------+------------+

    * Multiplexer: 
    N/A

    * Register: 
    +---------------------------+----+----+-----+-----------+
    |            Name           | FF | LUT| Bits| Const Bits|
    +---------------------------+----+----+-----+-----------+
    |add_ln203_reg_914          |  18|   0|   24|          6|
    |icmp_ln851_reg_1196        |   1|   0|    1|          0|
    |imag_data_V_int_reg        |  18|   0|   18|          0|
    |lshr_ln1333_1_reg_1088     |  17|   0|   17|          0|
    |lshr_ln1333_2_reg_943      |  19|   0|   22|          3|
    |lshr_ln1333_3_reg_1117     |  16|   0|   16|          0|
    |lshr_ln1333_4_reg_972      |  21|   0|   21|          0|
    |lshr_ln1333_5_reg_1146     |  15|   0|   15|          0|
    |lshr_ln1333_6_reg_1001     |  20|   0|   20|          0|
    |lshr_ln1333_7_reg_1168     |  14|   0|   14|          0|
    |lshr_ln1333_8_reg_1030     |  19|   0|   19|          0|
    |lshr_ln1333_s_reg_1059     |  18|   0|   18|          0|
    |r_V_2_reg_1184             |  40|   0|   40|          0|
    |real_data_V_int_reg        |  18|   0|   18|          0|
    |ret_V_reg_1189             |  18|   0|   18|          0|
    |select_ln1495_10_reg_1041  |  24|   0|   24|          0|
    |select_ln1495_11_reg_1047  |  24|   0|   24|          0|
    |select_ln1495_12_reg_1070  |  24|   0|   24|          0|
    |select_ln1495_13_reg_1076  |  24|   0|   24|          0|
    |select_ln1495_14_reg_1099  |  24|   0|   24|          0|
    |select_ln1495_15_reg_1105  |  24|   0|   24|          0|
    |select_ln1495_16_reg_1128  |  24|   0|   24|          0|
    |select_ln1495_17_reg_1134  |  24|   0|   24|          0|
    |select_ln1495_18_reg_1157  |  24|   0|   24|          0|
    |select_ln1495_20_reg_1174  |  24|   0|   24|          0|
    |select_ln1495_2_reg_925    |  19|   0|   24|          5|
    |select_ln1495_3_reg_931    |  19|   0|   24|          5|
    |select_ln1495_4_reg_954    |  21|   0|   24|          3|
    |select_ln1495_5_reg_960    |  21|   0|   24|          3|
    |select_ln1495_6_reg_983    |  24|   0|   24|          0|
    |select_ln1495_7_reg_989    |  24|   0|   24|          0|
    |select_ln1495_8_reg_1012   |  24|   0|   24|          0|
    |select_ln1495_9_reg_1018   |  24|   0|   24|          0|
    |sub_ln203_1_reg_920        |  18|   0|   24|          6|
    |sub_ln203_reg_909          |  18|   0|   24|          6|
    |tmp_10_reg_1163            |   1|   0|    1|          0|
    |tmp_2_reg_937              |   1|   0|    1|          0|
    |tmp_3_reg_966              |   1|   0|    1|          0|
    |tmp_4_reg_995              |   1|   0|    1|          0|
    |tmp_5_reg_1024             |   1|   0|    1|          0|
    |tmp_6_reg_1053             |   1|   0|    1|          0|
    |tmp_7_reg_1082             |   1|   0|    1|          0|
    |tmp_8_reg_1111             |   1|   0|    1|          0|
    |tmp_9_reg_1140             |   1|   0|    1|          0|
    |tmp_reg_903                |   1|   0|    1|          0|
    |trunc_ln1333_2_reg_1094    |  17|   0|   17|          0|
    |trunc_ln1333_3_reg_949     |  19|   0|   22|          3|
    |trunc_ln1333_4_reg_1123    |  16|   0|   16|          0|
    |trunc_ln1333_5_reg_978     |  21|   0|   21|          0|
    |trunc_ln1333_6_reg_1152    |  15|   0|   15|          0|
    |trunc_ln1333_7_reg_1007    |  20|   0|   20|          0|
    |trunc_ln1333_9_reg_1036    |  19|   0|   19|          0|
    |trunc_ln1333_s_reg_1065    |  18|   0|   18|          0|
    +---------------------------+----+----+-----+-----------+
    |Total                      | 879|   0|  919|         40|
    +---------------------------+----+----+-----+-----------+



================================================================
== Interface
================================================================
* Summary: 
+-------------+-----+-----+------------+----------------------+--------------+
|  RTL Ports  | Dir | Bits|  Protocol  |     Source Object    |    C Type    |
+-------------+-----+-----+------------+----------------------+--------------+
|ap_clk       |  in |    1| ap_ctrl_hs | process_magnitude_co | return value |
|ap_rst       |  in |    1| ap_ctrl_hs | process_magnitude_co | return value |
|ap_return    | out |   18| ap_ctrl_hs | process_magnitude_co | return value |
|real_data_V  |  in |   18|   ap_none  |      real_data_V     |    scalar    |
|imag_data_V  |  in |   18|   ap_none  |      imag_data_V     |    scalar    |
+-------------+-----+-----+------------+----------------------+--------------+

